../Core/Src/main.c:94:6:HAL_UART_RxCpltCallback	24	static
../Core/Src/main.c:130:6:HAL_TIM_PeriodElapsedCallback	16	static
../Core/Src/main.c:212:5:main	8	static
../Core/Src/main.c:281:6:SystemClock_Config	72	static
../Core/Src/main.c:317:9:process_protocol	16	static
../Core/Src/main.c:354:6:send_current_state	40	static
../Core/Src/main.c:402:6:send_resonse_protocol	64	dynamic
../Core/Src/main.c:438:9:calc_checksum	24	static
../Core/Src/main.c:449:9:limit_motor_speed	16	static
../Core/Src/main.c:468:6:Error_Handler	4	static,ignoring_inline_asm
