../Core/Src/main.c:94:6:HAL_UART_RxCpltCallback	24	static
../Core/Src/main.c:137:6:HAL_TIM_PeriodElapsedCallback	16	static
../Core/Src/main.c:219:5:main	8	static
../Core/Src/main.c:288:6:SystemClock_Config	72	static
../Core/Src/main.c:324:9:process_protocol	16	static
../Core/Src/main.c:361:6:send_current_state	40	static
../Core/Src/main.c:409:6:send_resonse_protocol	64	dynamic
../Core/Src/main.c:445:9:calc_checksum	24	static
../Core/Src/main.c:456:9:limit_motor_speed	16	static
../Core/Src/main.c:475:6:Error_Handler	4	static,ignoring_inline_asm
