../Core/Src/main.c:103:6:HAL_TIM_PeriodElapsedCallback	16	static
../Core/Src/main.c:156:5:main	32	static
../Core/Src/main.c:215:6:SystemClock_Config	72	static
../Core/Src/main.c:255:13:MX_TIM2_Init	56	static
../Core/Src/main.c:304:13:MX_TIM3_Init	56	static
../Core/Src/main.c:353:13:MX_TIM4_Init	56	static
../Core/Src/main.c:402:13:MX_TIM5_Init	56	static
../Core/Src/main.c:451:13:MX_TIM6_Init	16	static
../Core/Src/main.c:489:13:MX_USART1_UART_Init	8	static
../Core/Src/main.c:522:13:MX_GPIO_Init	24	static
../Core/Src/main.c:544:6:Error_Handler	4	static,ignoring_inline_asm
