../Core/Src/main.c:103:6:HAL_TIM_PeriodElapsedCallback	16	static
../Core/Src/main.c:156:5:main	8	static
../Core/Src/main.c:217:6:SystemClock_Config	72	static
../Core/Src/main.c:257:13:MX_TIM2_Init	56	static
../Core/Src/main.c:306:13:MX_TIM3_Init	56	static
../Core/Src/main.c:355:13:MX_TIM4_Init	56	static
../Core/Src/main.c:404:13:MX_TIM5_Init	56	static
../Core/Src/main.c:453:13:MX_TIM6_Init	16	static
../Core/Src/main.c:491:13:MX_USART1_UART_Init	8	static
../Core/Src/main.c:524:13:MX_GPIO_Init	24	static
../Core/Src/main.c:546:6:Error_Handler	4	static,ignoring_inline_asm
