Archive member included to satisfy reference by file (symbol)

/opt/st/stm32cubeide_1.12.0/plugins/com.st.stm32cube.ide.mcu.externaltools.gnu-tools-for-stm32.10.3-2021.10.linux64_1.0.200.202301161003/tools/bin/../lib/gcc/arm-none-eabi/10.3.1/../../../../arm-none-eabi/lib/thumb/v7-m/nofp/libc_nano.a(lib_a-errno.o)
                              ./Core/Src/syscalls.o (__errno)
/opt/st/stm32cubeide_1.12.0/plugins/com.st.stm32cube.ide.mcu.externaltools.gnu-tools-for-stm32.10.3-2021.10.linux64_1.0.200.202301161003/tools/bin/../lib/gcc/arm-none-eabi/10.3.1/../../../../arm-none-eabi/lib/thumb/v7-m/nofp/libc_nano.a(lib_a-exit.o)
                              /opt/st/stm32cubeide_1.12.0/plugins/com.st.stm32cube.ide.mcu.externaltools.gnu-tools-for-stm32.10.3-2021.10.linux64_1.0.200.202301161003/tools/bin/../lib/gcc/arm-none-eabi/10.3.1/../../../../arm-none-eabi/lib/thumb/v7-m/nofp/crt0.o (exit)
/opt/st/stm32cubeide_1.12.0/plugins/com.st.stm32cube.ide.mcu.externaltools.gnu-tools-for-stm32.10.3-2021.10.linux64_1.0.200.202301161003/tools/bin/../lib/gcc/arm-none-eabi/10.3.1/../../../../arm-none-eabi/lib/thumb/v7-m/nofp/libc_nano.a(lib_a-impure.o)
                              /opt/st/stm32cubeide_1.12.0/plugins/com.st.stm32cube.ide.mcu.externaltools.gnu-tools-for-stm32.10.3-2021.10.linux64_1.0.200.202301161003/tools/bin/../lib/gcc/arm-none-eabi/10.3.1/../../../../arm-none-eabi/lib/thumb/v7-m/nofp/libc_nano.a(lib_a-exit.o) (_global_impure_ptr)
/opt/st/stm32cubeide_1.12.0/plugins/com.st.stm32cube.ide.mcu.externaltools.gnu-tools-for-stm32.10.3-2021.10.linux64_1.0.200.202301161003/tools/bin/../lib/gcc/arm-none-eabi/10.3.1/../../../../arm-none-eabi/lib/thumb/v7-m/nofp/libc_nano.a(lib_a-init.o)
                              /opt/st/stm32cubeide_1.12.0/plugins/com.st.stm32cube.ide.mcu.externaltools.gnu-tools-for-stm32.10.3-2021.10.linux64_1.0.200.202301161003/tools/bin/../lib/gcc/arm-none-eabi/10.3.1/../../../../arm-none-eabi/lib/thumb/v7-m/nofp/crt0.o (__libc_init_array)
/opt/st/stm32cubeide_1.12.0/plugins/com.st.stm32cube.ide.mcu.externaltools.gnu-tools-for-stm32.10.3-2021.10.linux64_1.0.200.202301161003/tools/bin/../lib/gcc/arm-none-eabi/10.3.1/../../../../arm-none-eabi/lib/thumb/v7-m/nofp/libc_nano.a(lib_a-memset.o)
                              /opt/st/stm32cubeide_1.12.0/plugins/com.st.stm32cube.ide.mcu.externaltools.gnu-tools-for-stm32.10.3-2021.10.linux64_1.0.200.202301161003/tools/bin/../lib/gcc/arm-none-eabi/10.3.1/../../../../arm-none-eabi/lib/thumb/v7-m/nofp/crt0.o (memset)

Discarded input sections

 .text          0x0000000000000000        0x0 /opt/st/stm32cubeide_1.12.0/plugins/com.st.stm32cube.ide.mcu.externaltools.gnu-tools-for-stm32.10.3-2021.10.linux64_1.0.200.202301161003/tools/bin/../lib/gcc/arm-none-eabi/10.3.1/thumb/v7-m/nofp/crti.o
 .data          0x0000000000000000        0x0 /opt/st/stm32cubeide_1.12.0/plugins/com.st.stm32cube.ide.mcu.externaltools.gnu-tools-for-stm32.10.3-2021.10.linux64_1.0.200.202301161003/tools/bin/../lib/gcc/arm-none-eabi/10.3.1/thumb/v7-m/nofp/crti.o
 .bss           0x0000000000000000        0x0 /opt/st/stm32cubeide_1.12.0/plugins/com.st.stm32cube.ide.mcu.externaltools.gnu-tools-for-stm32.10.3-2021.10.linux64_1.0.200.202301161003/tools/bin/../lib/gcc/arm-none-eabi/10.3.1/thumb/v7-m/nofp/crti.o
 .data          0x0000000000000000        0x4 /opt/st/stm32cubeide_1.12.0/plugins/com.st.stm32cube.ide.mcu.externaltools.gnu-tools-for-stm32.10.3-2021.10.linux64_1.0.200.202301161003/tools/bin/../lib/gcc/arm-none-eabi/10.3.1/thumb/v7-m/nofp/crtbegin.o
 .rodata        0x0000000000000000       0x24 /opt/st/stm32cubeide_1.12.0/plugins/com.st.stm32cube.ide.mcu.externaltools.gnu-tools-for-stm32.10.3-2021.10.linux64_1.0.200.202301161003/tools/bin/../lib/gcc/arm-none-eabi/10.3.1/thumb/v7-m/nofp/crtbegin.o
 .text          0x0000000000000000       0x7c /opt/st/stm32cubeide_1.12.0/plugins/com.st.stm32cube.ide.mcu.externaltools.gnu-tools-for-stm32.10.3-2021.10.linux64_1.0.200.202301161003/tools/bin/../lib/gcc/arm-none-eabi/10.3.1/../../../../arm-none-eabi/lib/thumb/v7-m/nofp/crt0.o
 .data          0x0000000000000000        0x0 /opt/st/stm32cubeide_1.12.0/plugins/com.st.stm32cube.ide.mcu.externaltools.gnu-tools-for-stm32.10.3-2021.10.linux64_1.0.200.202301161003/tools/bin/../lib/gcc/arm-none-eabi/10.3.1/../../../../arm-none-eabi/lib/thumb/v7-m/nofp/crt0.o
 .bss           0x0000000000000000        0x0 /opt/st/stm32cubeide_1.12.0/plugins/com.st.stm32cube.ide.mcu.externaltools.gnu-tools-for-stm32.10.3-2021.10.linux64_1.0.200.202301161003/tools/bin/../lib/gcc/arm-none-eabi/10.3.1/../../../../arm-none-eabi/lib/thumb/v7-m/nofp/crt0.o
 .ARM.extab     0x0000000000000000        0x0 /opt/st/stm32cubeide_1.12.0/plugins/com.st.stm32cube.ide.mcu.externaltools.gnu-tools-for-stm32.10.3-2021.10.linux64_1.0.200.202301161003/tools/bin/../lib/gcc/arm-none-eabi/10.3.1/../../../../arm-none-eabi/lib/thumb/v7-m/nofp/crt0.o
[...]
Memory Configuration

Name             Origin             Length             Attributes
RAM              0x0000000020000000 0x000000000000c000 xrw
FLASH            0x0000000008000000 0x0000000000040000 xr
*default*        0x0000000000000000 0xffffffffffffffff

Linker script and memory map

LOAD /opt/st/stm32cubeide_1.12.0/plugins/com.st.stm32cube.ide.mcu.externaltools.gnu-tools-for-stm32.10.3-2021.10.linux64_1.0.200.202301161003/tools/bin/../lib/gcc/arm-none-eabi/10.3.1/thumb/v7-m/nofp/crti.o
LOAD /opt/st/stm32cubeide_1.12.0/plugins/com.st.stm32cube.ide.mcu.externaltools.gnu-tools-for-stm32.10.3-2021.10.linux64_1.0.200.202301161003/tools/bin/../lib/gcc/arm-none-eabi/10.3.1/thumb/v7-m/nofp/crtbegin.o
LOAD /opt/st/stm32cubeide_1.12.0/plugins/com.st.stm32cube.ide.mcu.externaltools.gnu-tools-for-stm32.10.3-2021.10.linux64_1.0.200.202301161003/tools/bin/../lib/gcc/arm-none-eabi/10.3.1/../../../../arm-none-eabi/lib/thumb/v7-m/nofp/crt0.o
LOAD ./Core/Src/gpio.o
LOAD ./Core/Src/main.o
LOAD ./Core/Src/stm32f1xx_hal_msp.o
LOAD ./Core/Src/stm32f1xx_it.o
LOAD ./Core/Src/syscalls.o
LOAD ./Core/Src/sysmem.o
LOAD ./Core/Src/system_stm32f1xx.o
LOAD ./Core/Src/usart.o
LOAD ./Core/Startup/startup_stm32f103rctx.o
LOAD ./Drivers/STM32F1xx_HAL_Driver/Src/stm32f1xx_hal.o
LOAD ./Drivers/STM32F1xx_HAL_Driver/Src/stm32f1xx_hal_cortex.o
LOAD ./Drivers/STM32F1xx_HAL_Driver/Src/stm32f1xx_hal_dma.o
LOAD ./Drivers/STM32F1xx_HAL_Driver/Src/stm32f1xx_hal_exti.o
LOAD ./Drivers/STM32F1xx_HAL_Driver/Src/stm32f1xx_hal_flash.o
LOAD ./Drivers/STM32F1xx_HAL_Driver/Src/stm32f1xx_hal_flash_ex.o
LOAD ./Drivers/STM32F1xx_HAL_Driver/Src/stm32f1xx_hal_gpio.o
LOAD ./Drivers/STM32F1xx_HAL_Driver/Src/stm32f1xx_hal_gpio_ex.o
LOAD ./Drivers/STM32F1xx_HAL_Driver/Src/stm32f1xx_hal_pwr.o
LOAD ./Drivers/STM32F1xx_HAL_Driver/Src/stm32f1xx_hal_rcc.o
LOAD ./Drivers/STM32F1xx_HAL_Driver/Src/stm32f1xx_hal_rcc_ex.o
LOAD ./Drivers/STM32F1xx_HAL_Driver/Src/stm32f1xx_hal_tim.o
LOAD ./Drivers/STM32F1xx_HAL_Driver/Src/stm32f1xx_hal_tim_ex.o
LOAD ./Drivers/STM32F1xx_HAL_Driver/Src/stm32f1xx_hal_uart.o
START GROUP
LOAD /opt/st/stm32cubeide_1.12.0/plugins/com.st.stm32cube.ide.mcu.externaltools.gnu-tools-for-stm32.10.3-2021.10.linux64_1.0.200.202301161003/tools/bin/../lib/gcc/arm-none-eabi/10.3.1/../../../../arm-none-eabi/lib/thumb/v7-m/nofp/libc_nano.a
LOAD /opt/st/stm32cubeide_1.12.0/plugins/com.st.stm32cube.ide.mcu.externaltools.gnu-tools-for-stm32.10.3-2021.10.linux64_1.0.200.202301161003/tools/bin/../lib/gcc/arm-none-eabi/10.3.1/../../../../arm-none-eabi/lib/thumb/v7-m/nofp/libm.a
END GROUP
START GROUP
LOAD /opt/st/stm32cubeide_1.12.0/plugins/com.st.stm32cube.ide.mcu.externaltools.gnu-tools-for-stm32.10.3-2021.10.linux64_1.0.200.202301161003/tools/bin/../lib/gcc/arm-none-eabi/10.3.1/thumb/v7-m/nofp/libgcc.a
LOAD /opt/st/stm32cubeide_1.12.0/plugins/com.st.stm32cube.ide.mcu.externaltools.gnu-tools-for-stm32.10.3-2021.10.linux64_1.0.200.202301161003/tools/bin/../lib/gcc/arm-none-eabi/10.3.1/../../../../arm-none-eabi/lib/thumb/v7-m/nofp/libc_nano.a
END GROUP
START GROUP
LOAD /opt/st/stm32cubeide_1.12.0/plugins/com.st.stm32cube.ide.mcu.externaltools.gnu-tools-for-stm32.10.3-2021.10.linux64_1.0.200.202301161003/tools/bin/../lib/gcc/arm-none-eabi/10.3.1/thumb/v7-m/nofp/libgcc.a
LOAD /opt/st/stm32cubeide_1.12.0/plugins/com.st.stm32cube.ide.mcu.externaltools.gnu-tools-for-stm32.10.3-2021.10.linux64_1.0.200.202301161003/tools/bin/../lib/gcc/arm-none-eabi/10.3.1/../../../../arm-none-eabi/lib/thumb/v7-m/nofp/libc_nano.a
LOAD /opt/st/stm32cubeide_1.12.0/plugins/com.st.stm32cube.ide.mcu.externaltools.gnu-tools-for-stm32.10.3-2021.10.linux64_1.0.200.202301161003/tools/bin/../lib/gcc/arm-none-eabi/10.3.1/../../../../arm-none-eabi/lib/thumb/v7-m/nofp/libnosys.a
END GROUP
START GROUP
LOAD /opt/st/stm32cubeide_1.12.0/plugins/com.st.stm32cube.ide.mcu.externaltools.gnu-tools-for-stm32.10.3-2021.10.linux64_1.0.200.202301161003/tools/bin/../lib/gcc/arm-none-eabi/10.3.1/thumb/v7-m/nofp/libgcc.a
LOAD /opt/st/stm32cubeide_1.12.0/plugins/com.st.stm32cube.ide.mcu.externaltools.gnu-tools-for-stm32.10.3-2021.10.linux64_1.0.200.202301161003/tools/bin/../lib/gcc/arm-none-eabi/10.3.1/../../../../arm-none-eabi/lib/thumb/v7-m/nofp/libc_nano.a
LOAD /opt/st/stm32cubeide_1.12.0/plugins/com.st.stm32cube.ide.mcu.externaltools.gnu-tools-for-stm32.10.3-2021.10.linux64_1.0.200.202301161003/tools/bin/../lib/gcc/arm-none-eabi/10.3.1/../../../../arm-none-eabi/lib/thumb/v7-m/nofp/libnosys.a
END GROUP
LOAD /opt/st/stm32cubeide_1.12.0/plugins/com.st.stm32cube.ide.mcu.externaltools.gnu-tools-for-stm32.10.3-2021.10.linux64_1.0.200.202301161003/tools/bin/../lib/gcc/arm-none-eabi/10.3.1/thumb/v7-m/nofp/crtend.o
LOAD /opt/st/stm32cubeide_1.12.0/plugins/com.st.stm32cube.ide.mcu.externaltools.gnu-tools-for-stm32.10.3-2021.10.linux64_1.0.200.202301161003/tools/bin/../lib/gcc/arm-none-eabi/10.3.1/thumb/v7-m/nofp/crtn.o
                0x000000002000c000                _estack = (ORIGIN (RAM) + LENGTH (RAM))
                0x0000000000000200                _Min_Heap_Size = 0x200
                0x0000000000000400                _Min_Stack_Size = 0x400

.isr_vector     0x0000000008000000      0x1e4
                0x0000000008000000                . = ALIGN (0x4)
 *(.isr_vector)
 .isr_vector    0x0000000008000000      0x1e4 ./Core/Startup/startup_stm32f103rctx.o
                0x0000000008000000                g_pfnVectors
                0x00000000080001e4                . = ALIGN (0x4)

.text           0x00000000080001e4     0x24ac
                0x00000000080001e4                . = ALIGN (0x4)
 *(.text)
 .text          0x00000000080001e4       0x40 /opt/st/stm32cubeide_1.12.0/plugins/com.st.stm32cube.ide.mcu.externaltools.gnu-tools-for-stm32.10.3-2021.10.linux64_1.0.200.202301161003/tools/bin/../lib/gcc/arm-none-eabi/10.3.1/thumb/v7-m/nofp/crtbegin.o
 *(.text*)
 .text.MX_GPIO_Init
                0x0000000008000224       0x44 ./Core/Src/gpio.o
                0x0000000008000224                MX_GPIO_Init
 .text.HAL_UART_RxCpltCallback
                0x0000000008000268       0xdc ./Core/Src/main.o
                0x0000000008000268                HAL_UART_RxCpltCallback
 .text.main     0x0000000008000344       0x38 ./Core/Src/main.o
                0x0000000008000344                main
 .text.SystemClock_Config
                0x000000000800037c       0x8a ./Core/Src/main.o
                0x000000000800037c                SystemClock_Config
 *fill*         0x0000000008000406        0x2 
 .text.process_protocol
                0x0000000008000408       0xfc ./Core/Src/main.o
                0x0000000008000408                process_protocol
 .text.send_resonse_protocol
                0x0000000008000504      0x118 ./Core/Src/main.o
                0x0000000008000504                send_resonse_protocol
 .text.calc_checksum
                0x000000000800061c       0x42 ./Core/Src/main.o
                0x000000000800061c                calc_checksum
 .text.Error_Handler
                0x000000000800065e        0xa ./Core/Src/main.o
                0x000000000800065e                Error_Handler
 .text.HAL_MspInit
                0x0000000008000668       0x64 ./Core/Src/stm32f1xx_hal_msp.o
                0x0000000008000668                HAL_MspInit
 .text.NMI_Handler
                0x00000000080006cc        0x6 ./Core/Src/stm32f1xx_it.o
                0x00000000080006cc                NMI_Handler
 .text.HardFault_Handler
                0x00000000080006d2        0x6 ./Core/Src/stm32f1xx_it.o
                0x00000000080006d2                HardFault_Handler
 .text.MemManage_Handler
                0x00000000080006d8        0x6 ./Core/Src/stm32f1xx_it.o
                0x00000000080006d8                MemManage_Handler
 .text.BusFault_Handler
                0x00000000080006de        0x6 ./Core/Src/stm32f1xx_it.o
                0x00000000080006de                BusFault_Handler
 .text.UsageFault_Handler
                0x00000000080006e4        0x6 ./Core/Src/stm32f1xx_it.o
                0x00000000080006e4                UsageFault_Handler
 .text.SVC_Handler
                0x00000000080006ea        0xc ./Core/Src/stm32f1xx_it.o
                0x00000000080006ea                SVC_Handler
 .text.DebugMon_Handler
                0x00000000080006f6        0xc ./Core/Src/stm32f1xx_it.o
                0x00000000080006f6                DebugMon_Handler
 .text.PendSV_Handler
                0x0000000008000702        0xc ./Core/Src/stm32f1xx_it.o
                0x0000000008000702                PendSV_Handler
 .text.SysTick_Handler
                0x000000000800070e        0xc ./Core/Src/stm32f1xx_it.o
                0x000000000800070e                SysTick_Handler
 *fill*         0x000000000800071a        0x2 
 .text.USART1_IRQHandler
                0x000000000800071c       0x14 ./Core/Src/stm32f1xx_it.o
                0x000000000800071c                USART1_IRQHandler
 .text.SystemInit
                0x0000000008000730        0xc ./Core/Src/system_stm32f1xx.o
                0x0000000008000730                SystemInit
 .text.MX_USART1_UART_Init
                0x000000000800073c       0x54 ./Core/Src/usart.o
                0x000000000800073c                MX_USART1_UART_Init
 .text.HAL_UART_MspInit
                0x0000000008000790       0xa8 ./Core/Src/usart.o
                0x0000000008000790                HAL_UART_MspInit
 .text.Reset_Handler
                0x0000000008000838       0x48 ./Core/Startup/startup_stm32f103rctx.o
                0x0000000008000838                Reset_Handler
 .text.Default_Handler
                0x0000000008000880        0x2 ./Core/Startup/startup_stm32f103rctx.o
                0x0000000008000880                RTC_Alarm_IRQHandler
                0x0000000008000880                EXTI2_IRQHandler
                0x0000000008000880                TIM8_TRG_COM_IRQHandler
                0x0000000008000880                TIM8_CC_IRQHandler
                0x0000000008000880                TIM1_CC_IRQHandler
                0x0000000008000880                TIM6_IRQHandler
                0x0000000008000880                PVD_IRQHandler
                0x0000000008000880                SDIO_IRQHandler
                0x0000000008000880                EXTI3_IRQHandler
                0x0000000008000880                EXTI0_IRQHandler
                0x0000000008000880                I2C2_EV_IRQHandler
                0x0000000008000880                ADC1_2_IRQHandler
                0x0000000008000880                SPI1_IRQHandler
                0x0000000008000880                TAMPER_IRQHandler
                0x0000000008000880                TIM8_UP_IRQHandler
                0x0000000008000880                DMA2_Channel2_IRQHandler
                0x0000000008000880                DMA1_Channel4_IRQHandler
                0x0000000008000880                USART3_IRQHandler
                0x0000000008000880                RTC_IRQHandler
                0x0000000008000880                DMA1_Channel7_IRQHandler
                0x0000000008000880                CAN1_RX1_IRQHandler
                0x0000000008000880                UART5_IRQHandler
                0x0000000008000880                ADC3_IRQHandler
                0x0000000008000880                TIM4_IRQHandler
                0x0000000008000880                DMA2_Channel1_IRQHandler
                0x0000000008000880                I2C1_EV_IRQHandler
                0x0000000008000880                DMA1_Channel6_IRQHandler
                0x0000000008000880                UART4_IRQHandler
                0x0000000008000880                TIM3_IRQHandler
                0x0000000008000880                RCC_IRQHandler
                0x0000000008000880                TIM1_TRG_COM_IRQHandler
                0x0000000008000880                DMA1_Channel1_IRQHandler
                0x0000000008000880                Default_Handler
                0x0000000008000880                EXTI15_10_IRQHandler
                0x0000000008000880                TIM7_IRQHandler
                0x0000000008000880                TIM5_IRQHandler
                0x0000000008000880                EXTI9_5_IRQHandler
                0x0000000008000880                SPI2_IRQHandler
                0x0000000008000880                DMA1_Channel5_IRQHandler
                0x0000000008000880                EXTI4_IRQHandler
                0x0000000008000880                USB_LP_CAN1_RX0_IRQHandler
                0x0000000008000880                USB_HP_CAN1_TX_IRQHandler
                0x0000000008000880                DMA1_Channel3_IRQHandler
                0x0000000008000880                FSMC_IRQHandler
                0x0000000008000880                TIM1_UP_IRQHandler
                0x0000000008000880                WWDG_IRQHandler
                0x0000000008000880                TIM2_IRQHandler
                0x0000000008000880                TIM1_BRK_IRQHandler
                0x0000000008000880                EXTI1_IRQHandler
                0x0000000008000880                DMA2_Channel4_5_IRQHandler
                0x0000000008000880                USART2_IRQHandler
                0x0000000008000880                I2C2_ER_IRQHandler
                0x0000000008000880                DMA1_Channel2_IRQHandler
                0x0000000008000880                TIM8_BRK_IRQHandler
                0x0000000008000880                CAN1_SCE_IRQHandler
                0x0000000008000880                FLASH_IRQHandler
                0x0000000008000880                SPI3_IRQHandler
                0x0000000008000880                I2C1_ER_IRQHandler
                0x0000000008000880                USBWakeUp_IRQHandler
                0x0000000008000880                DMA2_Channel3_IRQHandler
 *fill*         0x0000000008000882        0x2 
 .text.HAL_Init
                0x0000000008000884       0x2c ./Drivers/STM32F1xx_HAL_Driver/Src/stm32f1xx_hal.o
                0x0000000008000884                HAL_Init
 .text.HAL_InitTick
                0x00000000080008b0       0x60 ./Drivers/STM32F1xx_HAL_Driver/Src/stm32f1xx_hal.o
                0x00000000080008b0                HAL_InitTick
 .text.HAL_IncTick
                0x0000000008000910       0x24 ./Drivers/STM32F1xx_HAL_Driver/Src/stm32f1xx_hal.o
                0x0000000008000910                HAL_IncTick
 .text.HAL_GetTick
                0x0000000008000934       0x14 ./Drivers/STM32F1xx_HAL_Driver/Src/stm32f1xx_hal.o
                0x0000000008000934                HAL_GetTick
 .text.__NVIC_SetPriorityGrouping
                0x0000000008000948       0x48 ./Drivers/STM32F1xx_HAL_Driver/Src/stm32f1xx_hal_cortex.o
 .text.__NVIC_GetPriorityGrouping
                0x0000000008000990       0x1c ./Drivers/STM32F1xx_HAL_Driver/Src/stm32f1xx_hal_cortex.o
 .text.__NVIC_EnableIRQ
                0x00000000080009ac       0x38 ./Drivers/STM32F1xx_HAL_Driver/Src/stm32f1xx_hal_cortex.o
 .text.__NVIC_SetPriority
                0x00000000080009e4       0x54 ./Drivers/STM32F1xx_HAL_Driver/Src/stm32f1xx_hal_cortex.o
 .text.NVIC_EncodePriority
                0x0000000008000a38       0x64 ./Drivers/STM32F1xx_HAL_Driver/Src/stm32f1xx_hal_cortex.o
 .text.SysTick_Config
                0x0000000008000a9c       0x44 ./Drivers/STM32F1xx_HAL_Driver/Src/stm32f1xx_hal_cortex.o
 .text.HAL_NVIC_SetPriorityGrouping
                0x0000000008000ae0       0x16 ./Drivers/STM32F1xx_HAL_Driver/Src/stm32f1xx_hal_cortex.o
                0x0000000008000ae0                HAL_NVIC_SetPriorityGrouping
 .text.HAL_NVIC_SetPriority
                0x0000000008000af6       0x38 ./Drivers/STM32F1xx_HAL_Driver/Src/stm32f1xx_hal_cortex.o
                0x0000000008000af6                HAL_NVIC_SetPriority
 .text.HAL_NVIC_EnableIRQ
                0x0000000008000b2e       0x1c ./Drivers/STM32F1xx_HAL_Driver/Src/stm32f1xx_hal_cortex.o
                0x0000000008000b2e                HAL_NVIC_EnableIRQ
 .text.HAL_SYSTICK_Config
                0x0000000008000b4a       0x18 ./Drivers/STM32F1xx_HAL_Driver/Src/stm32f1xx_hal_cortex.o
                0x0000000008000b4a                HAL_SYSTICK_Config
 .text.HAL_DMA_Abort
                0x0000000008000b62       0x76 ./Drivers/STM32F1xx_HAL_Driver/Src/stm32f1xx_hal_dma.o
                0x0000000008000b62                HAL_DMA_Abort
 .text.HAL_DMA_Abort_IT
                0x0000000008000bd8      0x210 ./Drivers/STM32F1xx_HAL_Driver/Src/stm32f1xx_hal_dma.o
                0x0000000008000bd8                HAL_DMA_Abort_IT
 .text.HAL_GPIO_Init
                0x0000000008000de8      0x328 ./Drivers/STM32F1xx_HAL_Driver/Src/stm32f1xx_hal_gpio.o
                0x0000000008000de8                HAL_GPIO_Init
 .text.HAL_RCC_OscConfig
                0x0000000008001110      0x504 ./Drivers/STM32F1xx_HAL_Driver/Src/stm32f1xx_hal_rcc.o
                0x0000000008001110                HAL_RCC_OscConfig
 .text.HAL_RCC_ClockConfig
                0x0000000008001614      0x1d4 ./Drivers/STM32F1xx_HAL_Driver/Src/stm32f1xx_hal_rcc.o
                0x0000000008001614                HAL_RCC_ClockConfig
 .text.HAL_RCC_GetSysClockFreq
                0x00000000080017e8       0xa8 ./Drivers/STM32F1xx_HAL_Driver/Src/stm32f1xx_hal_rcc.o
                0x00000000080017e8                HAL_RCC_GetSysClockFreq
 .text.HAL_RCC_GetHCLKFreq
                0x0000000008001890       0x14 ./Drivers/STM32F1xx_HAL_Driver/Src/stm32f1xx_hal_rcc.o
                0x0000000008001890                HAL_RCC_GetHCLKFreq
 .text.HAL_RCC_GetPCLK1Freq
                0x00000000080018a4       0x28 ./Drivers/STM32F1xx_HAL_Driver/Src/stm32f1xx_hal_rcc.o
                0x00000000080018a4                HAL_RCC_GetPCLK1Freq
 .text.HAL_RCC_GetPCLK2Freq
                0x00000000080018cc       0x28 ./Drivers/STM32F1xx_HAL_Driver/Src/stm32f1xx_hal_rcc.o
                0x00000000080018cc                HAL_RCC_GetPCLK2Freq
 .text.RCC_Delay
                0x00000000080018f4       0x3c ./Drivers/STM32F1xx_HAL_Driver/Src/stm32f1xx_hal_rcc.o
 .text.HAL_UART_Init
                0x0000000008001930       0xa0 ./Drivers/STM32F1xx_HAL_Driver/Src/stm32f1xx_hal_uart.o
                0x0000000008001930                HAL_UART_Init
 .text.HAL_UART_Transmit
                0x00000000080019d0      0x106 ./Drivers/STM32F1xx_HAL_Driver/Src/stm32f1xx_hal_uart.o
                0x00000000080019d0                HAL_UART_Transmit
 .text.HAL_UART_Receive_IT
                0x0000000008001ad6       0x4a ./Drivers/STM32F1xx_HAL_Driver/Src/stm32f1xx_hal_uart.o
                0x0000000008001ad6                HAL_UART_Receive_IT
 .text.HAL_UART_IRQHandler
                0x0000000008001b20      0x524 ./Drivers/STM32F1xx_HAL_Driver/Src/stm32f1xx_hal_uart.o
                0x0000000008001b20                HAL_UART_IRQHandler
 .text.HAL_UART_TxCpltCallback
                0x0000000008002044       0x12 ./Drivers/STM32F1xx_HAL_Driver/Src/stm32f1xx_hal_uart.o
                0x0000000008002044                HAL_UART_TxCpltCallback
 .text.HAL_UART_ErrorCallback
                0x0000000008002056       0x12 ./Drivers/STM32F1xx_HAL_Driver/Src/stm32f1xx_hal_uart.o
                0x0000000008002056                HAL_UART_ErrorCallback
 .text.HAL_UARTEx_RxEventCallback
                0x0000000008002068       0x16 ./Drivers/STM32F1xx_HAL_Driver/Src/stm32f1xx_hal_uart.o
                0x0000000008002068                HAL_UARTEx_RxEventCallback
 .text.UART_WaitOnFlagUntilTimeout
                0x000000000800207e       0xdc ./Drivers/STM32F1xx_HAL_Driver/Src/stm32f1xx_hal_uart.o
 .text.UART_Start_Receive_IT
                0x000000000800215a       0x72 ./Drivers/STM32F1xx_HAL_Driver/Src/stm32f1xx_hal_uart.o
                0x000000000800215a                UART_Start_Receive_IT
 .text.UART_EndRxTransfer
                0x00000000080021cc       0xc4 ./Drivers/STM32F1xx_HAL_Driver/Src/stm32f1xx_hal_uart.o
 .text.UART_DMAAbortOnError
                0x0000000008002290       0x28 ./Drivers/STM32F1xx_HAL_Driver/Src/stm32f1xx_hal_uart.o
 .text.UART_Transmit_IT
                0x00000000080022b8       0x9e ./Drivers/STM32F1xx_HAL_Driver/Src/stm32f1xx_hal_uart.o
 .text.UART_EndTransmit_IT
                0x0000000008002356       0x30 ./Drivers/STM32F1xx_HAL_Driver/Src/stm32f1xx_hal_uart.o
 .text.UART_Receive_IT
                0x0000000008002386      0x17c ./Drivers/STM32F1xx_HAL_Driver/Src/stm32f1xx_hal_uart.o
 *fill*         0x0000000008002502        0x2 
 .text.UART_SetConfig
                0x0000000008002504      0x11c ./Drivers/STM32F1xx_HAL_Driver/Src/stm32f1xx_hal_uart.o
 .text.__libc_init_array
                0x0000000008002620       0x48 /opt/st/stm32cubeide_1.12.0/plugins/com.st.stm32cube.ide.mcu.externaltools.gnu-tools-for-stm32.10.3-2021.10.linux64_1.0.200.202301161003/tools/bin/../lib/gcc/arm-none-eabi/10.3.1/../../../../arm-none-eabi/lib/thumb/v7-m/nofp/libc_nano.a(lib_a-init.o)
                0x0000000008002620                __libc_init_array
 .text.memset   0x0000000008002668       0x10 /opt/st/stm32cubeide_1.12.0/plugins/com.st.stm32cube.ide.mcu.externaltools.gnu-tools-for-stm32.10.3-2021.10.linux64_1.0.200.202301161003/tools/bin/../lib/gcc/arm-none-eabi/10.3.1/../../../../arm-none-eabi/lib/thumb/v7-m/nofp/libc_nano.a(lib_a-memset.o)
                0x0000000008002668                memset
 *(.glue_7)
 .glue_7        0x0000000008002678        0x0 linker stubs
 *(.glue_7t)
 .glue_7t       0x0000000008002678        0x0 linker stubs
 *(.eh_frame)
 .eh_frame      0x0000000008002678        0x0 /opt/st/stm32cubeide_1.12.0/plugins/com.st.stm32cube.ide.mcu.externaltools.gnu-tools-for-stm32.10.3-2021.10.linux64_1.0.200.202301161003/tools/bin/../lib/gcc/arm-none-eabi/10.3.1/thumb/v7-m/nofp/crtbegin.o
 *(.init)
 .init          0x0000000008002678        0x4 /opt/st/stm32cubeide_1.12.0/plugins/com.st.stm32cube.ide.mcu.externaltools.gnu-tools-for-stm32.10.3-2021.10.linux64_1.0.200.202301161003/tools/bin/../lib/gcc/arm-none-eabi/10.3.1/thumb/v7-m/nofp/crti.o
                0x0000000008002678                _init
 .init          0x000000000800267c        0x8 /opt/st/stm32cubeide_1.12.0/plugins/com.st.stm32cube.ide.mcu.externaltools.gnu-tools-for-stm32.10.3-2021.10.linux64_1.0.200.202301161003/tools/bin/../lib/gcc/arm-none-eabi/10.3.1/thumb/v7-m/nofp/crtn.o
 *(.fini)
 .fini          0x0000000008002684        0x4 /opt/st/stm32cubeide_1.12.0/plugins/com.st.stm32cube.ide.mcu.externaltools.gnu-tools-for-stm32.10.3-2021.10.linux64_1.0.200.202301161003/tools/bin/../lib/gcc/arm-none-eabi/10.3.1/thumb/v7-m/nofp/crti.o
                0x0000000008002684                _fini
 .fini          0x0000000008002688        0x8 /opt/st/stm32cubeide_1.12.0/plugins/com.st.stm32cube.ide.mcu.externaltools.gnu-tools-for-stm32.10.3-2021.10.linux64_1.0.200.202301161003/tools/bin/../lib/gcc/arm-none-eabi/10.3.1/thumb/v7-m/nofp/crtn.o
                0x0000000008002690                . = ALIGN (0x4)
                0x0000000008002690                _etext = .

.vfp11_veneer   0x0000000008002690        0x0
 .vfp11_veneer  0x0000000008002690        0x0 linker stubs

.v4_bx          0x0000000008002690        0x0
 .v4_bx         0x0000000008002690        0x0 linker stubs

.iplt           0x0000000008002690        0x0
 .iplt          0x0000000008002690        0x0 /opt/st/stm32cubeide_1.12.0/plugins/com.st.stm32cube.ide.mcu.externaltools.gnu-tools-for-stm32.10.3-2021.10.linux64_1.0.200.202301161003/tools/bin/../lib/gcc/arm-none-eabi/10.3.1/thumb/v7-m/nofp/crtbegin.o

.rodata         0x0000000008002690       0x2c
                0x0000000008002690                . = ALIGN (0x4)
 *(.rodata)
 *(.rodata*)
 .rodata.AHBPrescTable
                0x0000000008002690       0x10 ./Core/Src/system_stm32f1xx.o
                0x0000000008002690                AHBPrescTable
 .rodata.APBPrescTable
                0x00000000080026a0        0x8 ./Core/Src/system_stm32f1xx.o
                0x00000000080026a0                APBPrescTable
 .rodata.aPLLMULFactorTable.1
                0x00000000080026a8       0x10 ./Drivers/STM32F1xx_HAL_Driver/Src/stm32f1xx_hal_rcc.o
 .rodata.aPredivFactorTable.0
                0x00000000080026b8        0x2 ./Drivers/STM32F1xx_HAL_Driver/Src/stm32f1xx_hal_rcc.o
                0x00000000080026bc                . = ALIGN (0x4)
 *fill*         0x00000000080026ba        0x2 

.rel.dyn        0x00000000080026bc        0x0
 .rel.iplt      0x00000000080026bc        0x0 /opt/st/stm32cubeide_1.12.0/plugins/com.st.stm32cube.ide.mcu.externaltools.gnu-tools-for-stm32.10.3-2021.10.linux64_1.0.200.202301161003/tools/bin/../lib/gcc/arm-none-eabi/10.3.1/thumb/v7-m/nofp/crtbegin.o

.ARM.extab      0x00000000080026bc        0x0
                0x00000000080026bc                . = ALIGN (0x4)
 *(.ARM.extab* .gnu.linkonce.armextab.*)
                0x00000000080026bc                . = ALIGN (0x4)

.ARM            0x00000000080026bc        0x0
                0x00000000080026bc                . = ALIGN (0x4)
                0x00000000080026bc                __exidx_start = .
 *(.ARM.exidx*)
                0x00000000080026bc                __exidx_end = .
                0x00000000080026bc                . = ALIGN (0x4)

.preinit_array  0x00000000080026bc        0x0
                0x00000000080026bc                . = ALIGN (0x4)
                0x00000000080026bc                PROVIDE (__preinit_array_start = .)
 *(.preinit_array*)
                0x00000000080026bc                PROVIDE (__preinit_array_end = .)
                0x00000000080026bc                . = ALIGN (0x4)

.init_array     0x00000000080026bc        0x4
                0x00000000080026bc                . = ALIGN (0x4)
                0x00000000080026bc                PROVIDE (__init_array_start = .)
 *(SORT_BY_NAME(.init_array.*))
 *(.init_array*)
 .init_array    0x00000000080026bc        0x4 /opt/st/stm32cubeide_1.12.0/plugins/com.st.stm32cube.ide.mcu.externaltools.gnu-tools-for-stm32.10.3-2021.10.linux64_1.0.200.202301161003/tools/bin/../lib/gcc/arm-none-eabi/10.3.1/thumb/v7-m/nofp/crtbegin.o
                0x00000000080026c0                PROVIDE (__init_array_end = .)
                0x00000000080026c0                . = ALIGN (0x4)

.fini_array     0x00000000080026c0        0x4
                0x00000000080026c0                . = ALIGN (0x4)
                [!provide]                        PROVIDE (__fini_array_start = .)
 *(SORT_BY_NAME(.fini_array.*))
 *(.fini_array*)
 .fini_array    0x00000000080026c0        0x4 /opt/st/stm32cubeide_1.12.0/plugins/com.st.stm32cube.ide.mcu.externaltools.gnu-tools-for-stm32.10.3-2021.10.linux64_1.0.200.202301161003/tools/bin/../lib/gcc/arm-none-eabi/10.3.1/thumb/v7-m/nofp/crtbegin.o
                [!provide]                        PROVIDE (__fini_array_end = .)
                0x00000000080026c4                . = ALIGN (0x4)
                0x00000000080026c4                _sidata = LOADADDR (.data)

.data           0x0000000020000000        0xc load address 0x00000000080026c4
                0x0000000020000000                . = ALIGN (0x4)
                0x0000000020000000                _sdata = .
 *(.data)
 *(.data*)
 .data.SystemCoreClock
                0x0000000020000000        0x4 ./Core/Src/system_stm32f1xx.o
                0x0000000020000000                SystemCoreClock
 .data.uwTickPrio
                0x0000000020000004        0x4 ./Drivers/STM32F1xx_HAL_Driver/Src/stm32f1xx_hal.o
                0x0000000020000004                uwTickPrio
 .data.uwTickFreq
                0x0000000020000008        0x1 ./Drivers/STM32F1xx_HAL_Driver/Src/stm32f1xx_hal.o
                0x0000000020000008                uwTickFreq
 *(.RamFunc)
 *(.RamFunc*)
                0x000000002000000c                . = ALIGN (0x4)
 *fill*         0x0000000020000009        0x3 
                0x000000002000000c                _edata = .

.igot.plt       0x000000002000000c        0x0 load address 0x00000000080026d0
 .igot.plt      0x000000002000000c        0x0 /opt/st/stm32cubeide_1.12.0/plugins/com.st.stm32cube.ide.mcu.externaltools.gnu-tools-for-stm32.10.3-2021.10.linux64_1.0.200.202301161003/tools/bin/../lib/gcc/arm-none-eabi/10.3.1/thumb/v7-m/nofp/crtbegin.o
                0x000000002000000c                . = ALIGN (0x4)

.bss            0x000000002000000c      0x274 load address 0x00000000080026d0
                0x000000002000000c                _sbss = .
                0x000000002000000c                __bss_start__ = _sbss
 *(.bss)
 .bss           0x000000002000000c       0x1c /opt/st/stm32cubeide_1.12.0/plugins/com.st.stm32cube.ide.mcu.externaltools.gnu-tools-for-stm32.10.3-2021.10.linux64_1.0.200.202301161003/tools/bin/../lib/gcc/arm-none-eabi/10.3.1/thumb/v7-m/nofp/crtbegin.o
 *(.bss*)
 .bss.g_rx_buf  0x0000000020000028      0x100 ./Core/Src/main.o
                0x0000000020000028                g_rx_buf
 .bss.g_recv_data
                0x0000000020000128      0x100 ./Core/Src/main.o
                0x0000000020000128                g_recv_data
 .bss.g_rx_index
                0x0000000020000228        0x1 ./Core/Src/main.o
                0x0000000020000228                g_rx_index
 *fill*         0x0000000020000229        0x1 
 .bss.g_ma_motor_speed
                0x000000002000022a        0x2 ./Core/Src/main.o
                0x000000002000022a                g_ma_motor_speed
 .bss.g_mb_motor_speed
                0x000000002000022c        0x2 ./Core/Src/main.o
                0x000000002000022c                g_mb_motor_speed
 .bss.g_mc_motor_speed
                0x000000002000022e        0x2 ./Core/Src/main.o
                0x000000002000022e                g_mc_motor_speed
 .bss.g_md_motor_speed
                0x0000000020000230        0x2 ./Core/Src/main.o
                0x0000000020000230                g_md_motor_speed
 *fill*         0x0000000020000232        0x2 
 .bss.huart1    0x0000000020000234       0x48 ./Core/Src/usart.o
                0x0000000020000234                huart1
 .bss.uwTick    0x000000002000027c        0x4 ./Drivers/STM32F1xx_HAL_Driver/Src/stm32f1xx_hal.o
                0x000000002000027c                uwTick
 *(COMMON)
                0x0000000020000280                . = ALIGN (0x4)
                0x0000000020000280                _ebss = .
                0x0000000020000280                __bss_end__ = _ebss

._user_heap_stack
                0x0000000020000280      0x600 load address 0x00000000080026d0
                0x0000000020000280                . = ALIGN (0x8)
                [!provide]                        PROVIDE (end = .)
                0x0000000020000280                PROVIDE (_end = .)
                0x0000000020000480                . = (. + _Min_Heap_Size)
 *fill*         0x0000000020000280      0x200 
                0x0000000020000880                . = (. + _Min_Stack_Size)
 *fill*         0x0000000020000480      0x400 
                0x0000000020000880                . = ALIGN (0x8)

/DISCARD/
 libc.a(*)
 libm.a(*)
 libgcc.a(*)

.ARM.attributes
                0x0000000000000000       0x29
 *(.ARM.attributes)
 .ARM.attributes
                0x0000000000000000       0x1d /opt/st/stm32cubeide_1.12.0/plugins/com.st.stm32cube.ide.mcu.externaltools.gnu-tools-for-stm32.10.3-2021.10.linux64_1.0.200.202301161003/tools/bin/../lib/gcc/arm-none-eabi/10.3.1/thumb/v7-m/nofp/crti.o
 .ARM.attributes
                0x000000000000001d       0x2d /opt/st/stm32cubeide_1.12.0/plugins/com.st.stm32cube.ide.mcu.externaltools.gnu-tools-for-stm32.10.3-2021.10.linux64_1.0.200.202301161003/tools/bin/../lib/gcc/arm-none-eabi/10.3.1/thumb/v7-m/nofp/crtbegin.o
 .ARM.attributes
                0x000000000000004a       0x2d ./Core/Src/gpio.o
 .ARM.attributes
                0x0000000000000077       0x2d ./Core/Src/main.o
 .ARM.attributes
                0x00000000000000a4       0x2d ./Core/Src/stm32f1xx_hal_msp.o
 .ARM.attributes
                0x00000000000000d1       0x2d ./Core/Src/stm32f1xx_it.o
 .ARM.attributes
                0x00000000000000fe       0x2d ./Core/Src/system_stm32f1xx.o
 .ARM.attributes
                0x000000000000012b       0x2d ./Core/Src/usart.o
 .ARM.attributes
                0x0000000000000158       0x21 ./Core/Startup/startup_stm32f103rctx.o
 .ARM.attributes
                0x0000000000000179       0x2d ./Drivers/STM32F1xx_HAL_Driver/Src/stm32f1xx_hal.o
 .ARM.attributes
                0x00000000000001a6       0x2d ./Drivers/STM32F1xx_HAL_Driver/Src/stm32f1xx_hal_cortex.o
 .ARM.attributes
                0x00000000000001d3       0x2d ./Drivers/STM32F1xx_HAL_Driver/Src/stm32f1xx_hal_dma.o
 .ARM.attributes
                0x0000000000000200       0x2d ./Drivers/STM32F1xx_HAL_Driver/Src/stm32f1xx_hal_gpio.o
 .ARM.attributes
                0x000000000000022d       0x2d ./Drivers/STM32F1xx_HAL_Driver/Src/stm32f1xx_hal_rcc.o
 .ARM.attributes
                0x000000000000025a       0x2d ./Drivers/STM32F1xx_HAL_Driver/Src/stm32f1xx_hal_uart.o
 .ARM.attributes
                0x0000000000000287       0x2d /opt/st/stm32cubeide_1.12.0/plugins/com.st.stm32cube.ide.mcu.externaltools.gnu-tools-for-stm32.10.3-2021.10.linux64_1.0.200.202301161003/tools/bin/../lib/gcc/arm-none-eabi/10.3.1/../../../../arm-none-eabi/lib/thumb/v7-m/nofp/libc_nano.a(lib_a-init.o)
 .ARM.attributes
                0x00000000000002b4       0x2d /opt/st/stm32cubeide_1.12.0/plugins/com.st.stm32cube.ide.mcu.externaltools.gnu-tools-for-stm32.10.3-2021.10.linux64_1.0.200.202301161003/tools/bin/../lib/gcc/arm-none-eabi/10.3.1/../../../../arm-none-eabi/lib/thumb/v7-m/nofp/libc_nano.a(lib_a-memset.o)
 .ARM.attributes
                0x00000000000002e1       0x1d /opt/st/stm32cubeide_1.12.0/plugins/com.st.stm32cube.ide.mcu.externaltools.gnu-tools-for-stm32.10.3-2021.10.linux64_1.0.200.202301161003/tools/bin/../lib/gcc/arm-none-eabi/10.3.1/thumb/v7-m/nofp/crtn.o
OUTPUT(uart_test.elf elf32-littlearm)
LOAD linker stubs
LOAD /opt/st/stm32cubeide_1.12.0/plugins/com.st.stm32cube.ide.mcu.externaltools.gnu-tools-for-stm32.10.3-2021.10.linux64_1.0.200.202301161003/tools/bin/../lib/gcc/arm-none-eabi/10.3.1/../../../../arm-none-eabi/lib/thumb/v7-m/nofp/libc.a
LOAD /opt/st/stm32cubeide_1.12.0/plugins/com.st.stm32cube.ide.mcu.externaltools.gnu-tools-for-stm32.10.3-2021.10.linux64_1.0.200.202301161003/tools/bin/../lib/gcc/arm-none-eabi/10.3.1/../../../../arm-none-eabi/lib/thumb/v7-m/nofp/libm.a
LOAD /opt/st/stm32cubeide_1.12.0/plugins/com.st.stm32cube.ide.mcu.externaltools.gnu-tools-for-stm32.10.3-2021.10.linux64_1.0.200.202301161003/tools/bin/../lib/gcc/arm-none-eabi/10.3.1/thumb/v7-m/nofp/libgcc.a

.debug_info     0x0000000000000000     0x7b3e
 .debug_info    0x0000000000000000      0x180 ./Core/Src/gpio.o
 .debug_info    0x0000000000000180      0xa77 ./Core/Src/main.o
 .debug_info    0x0000000000000bf7      0x210 ./Core/Src/stm32f1xx_hal_msp.o
 .debug_info    0x0000000000000e07      0x63c ./Core/Src/stm32f1xx_it.o
 .debug_info    0x0000000000001443      0x23d ./Core/Src/system_stm32f1xx.o
 .debug_info    0x0000000000001680      0xa0c ./Core/Src/usart.o
 .debug_info    0x000000000000208c       0x22 ./Core/Startup/startup_stm32f103rctx.o
 .debug_info    0x00000000000020ae      0x79a ./Drivers/STM32F1xx_HAL_Driver/Src/stm32f1xx_hal.o
 .debug_info    0x0000000000002848      0xb86 ./Drivers/STM32F1xx_HAL_Driver/Src/stm32f1xx_hal_cortex.o
 .debug_info    0x00000000000033ce      0x744 ./Drivers/STM32F1xx_HAL_Driver/Src/stm32f1xx_hal_dma.o
 .debug_info    0x0000000000003b12      0x615 ./Drivers/STM32F1xx_HAL_Driver/Src/stm32f1xx_hal_gpio.o
 .debug_info    0x0000000000004127      0x865 ./Drivers/STM32F1xx_HAL_Driver/Src/stm32f1xx_hal_rcc.o
 .debug_info    0x000000000000498c     0x31b2 ./Drivers/STM32F1xx_HAL_Driver/Src/stm32f1xx_hal_uart.o

.debug_abbrev   0x0000000000000000     0x1740
 .debug_abbrev  0x0000000000000000       0xc2 ./Core/Src/gpio.o
 .debug_abbrev  0x00000000000000c2      0x2dc ./Core/Src/main.o
 .debug_abbrev  0x000000000000039e       0xd4 ./Core/Src/stm32f1xx_hal_msp.o
 .debug_abbrev  0x0000000000000472      0x166 ./Core/Src/stm32f1xx_it.o
 .debug_abbrev  0x00000000000005d8      0x13b ./Core/Src/system_stm32f1xx.o
 .debug_abbrev  0x0000000000000713      0x1f3 ./Core/Src/usart.o
 .debug_abbrev  0x0000000000000906       0x12 ./Core/Startup/startup_stm32f103rctx.o
 .debug_abbrev  0x0000000000000918      0x1fb ./Drivers/STM32F1xx_HAL_Driver/Src/stm32f1xx_hal.o
 .debug_abbrev  0x0000000000000b13      0x2ed ./Drivers/STM32F1xx_HAL_Driver/Src/stm32f1xx_hal_cortex.o
 .debug_abbrev  0x0000000000000e00      0x1fe ./Drivers/STM32F1xx_HAL_Driver/Src/stm32f1xx_hal_dma.o
 .debug_abbrev  0x0000000000000ffe      0x1bb ./Drivers/STM32F1xx_HAL_Driver/Src/stm32f1xx_hal_gpio.o
 .debug_abbrev  0x00000000000011b9      0x2a8 ./Drivers/STM32F1xx_HAL_Driver/Src/stm32f1xx_hal_rcc.o
 .debug_abbrev  0x0000000000001461      0x2df ./Drivers/STM32F1xx_HAL_Driver/Src/stm32f1xx_hal_uart.o

.debug_aranges  0x0000000000000000      0x6c8
 .debug_aranges
                0x0000000000000000       0x20 ./Core/Src/gpio.o
 .debug_aranges
                0x0000000000000020       0x50 ./Core/Src/main.o
 .debug_aranges
                0x0000000000000070       0x20 ./Core/Src/stm32f1xx_hal_msp.o
 .debug_aranges
                0x0000000000000090       0x68 ./Core/Src/stm32f1xx_it.o
 .debug_aranges
                0x00000000000000f8       0x28 ./Core/Src/system_stm32f1xx.o
 .debug_aranges
                0x0000000000000120       0x30 ./Core/Src/usart.o
 .debug_aranges
                0x0000000000000150       0x28 ./Core/Startup/startup_stm32f103rctx.o
 .debug_aranges
                0x0000000000000178       0xe0 ./Drivers/STM32F1xx_HAL_Driver/Src/stm32f1xx_hal.o
 .debug_aranges
                0x0000000000000258      0x100 ./Drivers/STM32F1xx_HAL_Driver/Src/stm32f1xx_hal_cortex.o
 .debug_aranges
                0x0000000000000358       0x80 ./Drivers/STM32F1xx_HAL_Driver/Src/stm32f1xx_hal_dma.o
 .debug_aranges
                0x00000000000003d8       0x58 ./Drivers/STM32F1xx_HAL_Driver/Src/stm32f1xx_hal_gpio.o
 .debug_aranges
                0x0000000000000430       0x90 ./Drivers/STM32F1xx_HAL_Driver/Src/stm32f1xx_hal_rcc.o
 .debug_aranges
                0x00000000000004c0      0x208 ./Drivers/STM32F1xx_HAL_Driver/Src/stm32f1xx_hal_uart.o

.debug_ranges   0x0000000000000000      0x630
 .debug_ranges  0x0000000000000000       0x10 ./Core/Src/gpio.o
 .debug_ranges  0x0000000000000010       0x40 ./Core/Src/main.o
 .debug_ranges  0x0000000000000050       0x10 ./Core/Src/stm32f1xx_hal_msp.o
 .debug_ranges  0x0000000000000060       0x58 ./Core/Src/stm32f1xx_it.o
 .debug_ranges  0x00000000000000b8       0x18 ./Core/Src/system_stm32f1xx.o
 .debug_ranges  0x00000000000000d0       0x20 ./Core/Src/usart.o
 .debug_ranges  0x00000000000000f0       0x20 ./Core/Startup/startup_stm32f103rctx.o
 .debug_ranges  0x0000000000000110       0xd0 ./Drivers/STM32F1xx_HAL_Driver/Src/stm32f1xx_hal.o
 .debug_ranges  0x00000000000001e0       0xf0 ./Drivers/STM32F1xx_HAL_Driver/Src/stm32f1xx_hal_cortex.o
 .debug_ranges  0x00000000000002d0       0x70 ./Drivers/STM32F1xx_HAL_Driver/Src/stm32f1xx_hal_dma.o
 .debug_ranges  0x0000000000000340       0x48 ./Drivers/STM32F1xx_HAL_Driver/Src/stm32f1xx_hal_gpio.o
 .debug_ranges  0x0000000000000388       0x80 ./Drivers/STM32F1xx_HAL_Driver/Src/stm32f1xx_hal_rcc.o
 .debug_ranges  0x0000000000000408      0x228 ./Drivers/STM32F1xx_HAL_Driver/Src/stm32f1xx_hal_uart.o

.debug_macro    0x0000000000000000    0x18e53
 .debug_macro   0x0000000000000000      0x1a2 ./Core/Src/gpio.o
 .debug_macro   0x00000000000001a2      0xa6c ./Core/Src/gpio.o
 .debug_macro   0x0000000000000c0e      0x215 ./Core/Src/gpio.o
 .debug_macro   0x0000000000000e23       0x2e ./Core/Src/gpio.o
 .debug_macro   0x0000000000000e51       0x22 ./Core/Src/gpio.o
 .debug_macro   0x0000000000000e73       0x22 ./Core/Src/gpio.o
 .debug_macro   0x0000000000000e95       0x8e ./Core/Src/gpio.o
 .debug_macro   0x0000000000000f23       0x51 ./Core/Src/gpio.o
 .debug_macro   0x0000000000000f74      0x103 ./Core/Src/gpio.o
 .debug_macro   0x0000000000001077       0x6a ./Core/Src/gpio.o
 .debug_macro   0x00000000000010e1      0x1df ./Core/Src/gpio.o
 .debug_macro   0x00000000000012c0       0x1c ./Core/Src/gpio.o
 .debug_macro   0x00000000000012dc       0x22 ./Core/Src/gpio.o
 .debug_macro   0x00000000000012fe       0xbd ./Core/Src/gpio.o
 .debug_macro   0x00000000000013bb      0xd23 ./Core/Src/gpio.o
 .debug_macro   0x00000000000020de     0xfd8c ./Core/Src/gpio.o
 .debug_macro   0x0000000000011e6a       0x6d ./Core/Src/gpio.o
 .debug_macro   0x0000000000011ed7     0x348d ./Core/Src/gpio.o
 .debug_macro   0x0000000000015364      0x174 ./Core/Src/gpio.o
 .debug_macro   0x00000000000154d8       0x5c ./Core/Src/gpio.o
 .debug_macro   0x0000000000015534      0x5bc ./Core/Src/gpio.o
 .debug_macro   0x0000000000015af0      0x4d5 ./Core/Src/gpio.o
 .debug_macro   0x0000000000015fc5      0x1cb ./Core/Src/gpio.o
 .debug_macro   0x0000000000016190      0x114 ./Core/Src/gpio.o
 .debug_macro   0x00000000000162a4      0x1ea ./Core/Src/gpio.o
 .debug_macro   0x000000000001648e       0x27 ./Core/Src/gpio.o
 .debug_macro   0x00000000000164b5      0x144 ./Core/Src/gpio.o
 .debug_macro   0x00000000000165f9      0x1bc ./Core/Src/gpio.o
 .debug_macro   0x00000000000167b5       0x30 ./Core/Src/gpio.o
 .debug_macro   0x00000000000167e5       0x3c ./Core/Src/gpio.o
 .debug_macro   0x0000000000016821       0x57 ./Core/Src/gpio.o
 .debug_macro   0x0000000000016878       0x87 ./Core/Src/gpio.o
 .debug_macro   0x00000000000168ff      0x24f ./Core/Src/gpio.o
 .debug_macro   0x0000000000016b4e      0x140 ./Core/Src/gpio.o
 .debug_macro   0x0000000000016c8e      0x28e ./Core/Src/gpio.o
 .debug_macro   0x0000000000016f1c       0xb5 ./Core/Src/gpio.o
 .debug_macro   0x0000000000016fd1      0x33f ./Core/Src/main.o
 .debug_macro   0x0000000000017310       0x52 ./Core/Src/main.o
 .debug_macro   0x0000000000017362       0x18 ./Core/Src/main.o
 .debug_macro   0x000000000001737a       0x3c ./Core/Src/main.o
 .debug_macro   0x00000000000173b6       0x34 ./Core/Src/main.o
 .debug_macro   0x00000000000173ea       0x16 ./Core/Src/main.o
 .debug_macro   0x0000000000017400       0x35 ./Core/Src/main.o
 .debug_macro   0x0000000000017435      0x341 ./Core/Src/main.o
 .debug_macro   0x0000000000017776       0x10 ./Core/Src/main.o
 .debug_macro   0x0000000000017786       0x16 ./Core/Src/main.o
 .debug_macro   0x000000000001779c       0x43 ./Core/Src/main.o
 .debug_macro   0x00000000000177df       0x34 ./Core/Src/main.o
 .debug_macro   0x0000000000017813       0x10 ./Core/Src/main.o
 .debug_macro   0x0000000000017823       0x58 ./Core/Src/main.o
 .debug_macro   0x000000000001787b       0x71 ./Core/Src/main.o
 .debug_macro   0x00000000000178ec       0x1c ./Core/Src/main.o
 .debug_macro   0x0000000000017908      0x12a ./Core/Src/main.o
 .debug_macro   0x0000000000017a32       0x10 ./Core/Src/main.o
 .debug_macro   0x0000000000017a42       0x1c ./Core/Src/main.o
 .debug_macro   0x0000000000017a5e       0x52 ./Core/Src/main.o
 .debug_macro   0x0000000000017ab0       0x22 ./Core/Src/main.o
 .debug_macro   0x0000000000017ad2       0x10 ./Core/Src/main.o
 .debug_macro   0x0000000000017ae2       0x52 ./Core/Src/main.o
 .debug_macro   0x0000000000017b34       0xd5 ./Core/Src/main.o
 .debug_macro   0x0000000000017c09       0x1c ./Core/Src/main.o
 .debug_macro   0x0000000000017c25       0x3d ./Core/Src/main.o
 .debug_macro   0x0000000000017c62       0x16 ./Core/Src/main.o
 .debug_macro   0x0000000000017c78      0x145 ./Core/Src/main.o
 .debug_macro   0x0000000000017dbd       0x16 ./Core/Src/main.o
 .debug_macro   0x0000000000017dd3       0x20 ./Core/Src/main.o
 .debug_macro   0x0000000000017df3      0x198 ./Core/Src/stm32f1xx_hal_msp.o
 .debug_macro   0x0000000000017f8b      0x1a2 ./Core/Src/stm32f1xx_it.o
 .debug_macro   0x000000000001812d      0x18e ./Core/Src/system_stm32f1xx.o
 .debug_macro   0x00000000000182bb      0x1a2 ./Core/Src/usart.o
 .debug_macro   0x000000000001845d      0x1b2 ./Drivers/STM32F1xx_HAL_Driver/Src/stm32f1xx_hal.o
 .debug_macro   0x000000000001860f      0x18e ./Drivers/STM32F1xx_HAL_Driver/Src/stm32f1xx_hal_cortex.o
 .debug_macro   0x000000000001879d      0x18e ./Drivers/STM32F1xx_HAL_Driver/Src/stm32f1xx_hal_dma.o
 .debug_macro   0x000000000001892b      0x1f9 ./Drivers/STM32F1xx_HAL_Driver/Src/stm32f1xx_hal_gpio.o
 .debug_macro   0x0000000000018b24      0x1a0 ./Drivers/STM32F1xx_HAL_Driver/Src/stm32f1xx_hal_rcc.o
 .debug_macro   0x0000000000018cc4      0x18f ./Drivers/STM32F1xx_HAL_Driver/Src/stm32f1xx_hal_uart.o

.debug_line     0x0000000000000000     0x8fd1
 .debug_line    0x0000000000000000      0x621 ./Core/Src/gpio.o
 .debug_line    0x0000000000000621      0xada ./Core/Src/main.o
 .debug_line    0x00000000000010fb      0x625 ./Core/Src/stm32f1xx_hal_msp.o
 .debug_line    0x0000000000001720      0x6ff ./Core/Src/stm32f1xx_it.o
 .debug_line    0x0000000000001e1f      0x6a3 ./Core/Src/system_stm32f1xx.o
 .debug_line    0x00000000000024c2      0x697 ./Core/Src/usart.o
 .debug_line    0x0000000000002b59       0x87 ./Core/Startup/startup_stm32f103rctx.o
 .debug_line    0x0000000000002be0      0x8d0 ./Drivers/STM32F1xx_HAL_Driver/Src/stm32f1xx_hal.o
 .debug_line    0x00000000000034b0      0xab8 ./Drivers/STM32F1xx_HAL_Driver/Src/stm32f1xx_hal_cortex.o
 .debug_line    0x0000000000003f68     0x11fb ./Drivers/STM32F1xx_HAL_Driver/Src/stm32f1xx_hal_dma.o
 .debug_line    0x0000000000005163      0x991 ./Drivers/STM32F1xx_HAL_Driver/Src/stm32f1xx_hal_gpio.o
 .debug_line    0x0000000000005af4      0xcdc ./Drivers/STM32F1xx_HAL_Driver/Src/stm32f1xx_hal_rcc.o
 .debug_line    0x00000000000067d0     0x2801 ./Drivers/STM32F1xx_HAL_Driver/Src/stm32f1xx_hal_uart.o

.debug_str      0x0000000000000000    0x904a3
 .debug_str     0x0000000000000000    0x8a6ea ./Core/Src/gpio.o
                                      0x8aad9 (size before relaxing)
 .debug_str     0x000000000008a6ea     0x4455 ./Core/Src/main.o
                                      0x8ef50 (size before relaxing)
 .debug_str     0x000000000008eb3f       0x5a ./Core/Src/stm32f1xx_hal_msp.o
                                      0x8ab07 (size before relaxing)
 .debug_str     0x000000000008eb99       0xef ./Core/Src/stm32f1xx_it.o
                                      0x8af57 (size before relaxing)
 .debug_str     0x000000000008ec88       0x7e ./Core/Src/system_stm32f1xx.o
                                      0x8ab32 (size before relaxing)
 .debug_str     0x000000000008ed06      0x3f4 ./Core/Src/usart.o
                                      0x8b3c6 (size before relaxing)
 .debug_str     0x000000000008f0fa       0x36 ./Core/Startup/startup_stm32f103rctx.o
                                         0x74 (size before relaxing)
 .debug_str     0x000000000008f130      0x38e ./Drivers/STM32F1xx_HAL_Driver/Src/stm32f1xx_hal.o
                                      0x8b349 (size before relaxing)
 .debug_str     0x000000000008f4be      0x294 ./Drivers/STM32F1xx_HAL_Driver/Src/stm32f1xx_hal_cortex.o
                                      0x8b295 (size before relaxing)
 .debug_str     0x000000000008f752      0x23a ./Drivers/STM32F1xx_HAL_Driver/Src/stm32f1xx_hal_dma.o
                                      0x8aedb (size before relaxing)
 .debug_str     0x000000000008f98c      0x31d ./Drivers/STM32F1xx_HAL_Driver/Src/stm32f1xx_hal_gpio.o
                                      0x8aeb8 (size before relaxing)
 .debug_str     0x000000000008fca9      0x229 ./Drivers/STM32F1xx_HAL_Driver/Src/stm32f1xx_hal_rcc.o
                                      0x8af61 (size before relaxing)
 .debug_str     0x000000000008fed2      0x5d1 ./Drivers/STM32F1xx_HAL_Driver/Src/stm32f1xx_hal_uart.o
                                      0x8b5d2 (size before relaxing)

.comment        0x0000000000000000       0x50
 .comment       0x0000000000000000       0x50 ./Core/Src/gpio.o
                                         0x51 (size before relaxing)
 .comment       0x0000000000000050       0x51 ./Core/Src/main.o
 .comment       0x0000000000000050       0x51 ./Core/Src/stm32f1xx_hal_msp.o
 .comment       0x0000000000000050       0x51 ./Core/Src/stm32f1xx_it.o
 .comment       0x0000000000000050       0x51 ./Core/Src/system_stm32f1xx.o
 .comment       0x0000000000000050       0x51 ./Core/Src/usart.o
 .comment       0x0000000000000050       0x51 ./Drivers/STM32F1xx_HAL_Driver/Src/stm32f1xx_hal.o
 .comment       0x0000000000000050       0x51 ./Drivers/STM32F1xx_HAL_Driver/Src/stm32f1xx_hal_cortex.o
 .comment       0x0000000000000050       0x51 ./Drivers/STM32F1xx_HAL_Driver/Src/stm32f1xx_hal_dma.o
 .comment       0x0000000000000050       0x51 ./Drivers/STM32F1xx_HAL_Driver/Src/stm32f1xx_hal_gpio.o
 .comment       0x0000000000000050       0x51 ./Drivers/STM32F1xx_HAL_Driver/Src/stm32f1xx_hal_rcc.o
 .comment       0x0000000000000050       0x51 ./Drivers/STM32F1xx_HAL_Driver/Src/stm32f1xx_hal_uart.o

.debug_frame    0x0000000000000000     0x19c0
 .debug_frame   0x0000000000000000       0x38 ./Core/Src/gpio.o
 .debug_frame   0x0000000000000038      0x108 ./Core/Src/main.o
 .debug_frame   0x0000000000000140       0x38 ./Core/Src/stm32f1xx_hal_msp.o
 .debug_frame   0x0000000000000178      0x120 ./Core/Src/stm32f1xx_it.o
 .debug_frame   0x0000000000000298       0x58 ./Core/Src/system_stm32f1xx.o
 .debug_frame   0x00000000000002f0       0x74 ./Core/Src/usart.o
 .debug_frame   0x0000000000000364      0x334 ./Drivers/STM32F1xx_HAL_Driver/Src/stm32f1xx_hal.o
 .debug_frame   0x0000000000000698      0x428 ./Drivers/STM32F1xx_HAL_Driver/Src/stm32f1xx_hal_cortex.o
 .debug_frame   0x0000000000000ac0      0x20c ./Drivers/STM32F1xx_HAL_Driver/Src/stm32f1xx_hal_dma.o
 .debug_frame   0x0000000000000ccc      0x14c ./Drivers/STM32F1xx_HAL_Driver/Src/stm32f1xx_hal_gpio.o
 .debug_frame   0x0000000000000e18      0x218 ./Drivers/STM32F1xx_HAL_Driver/Src/stm32f1xx_hal_rcc.o
 .debug_frame   0x0000000000001030      0x944 ./Drivers/STM32F1xx_HAL_Driver/Src/stm32f1xx_hal_uart.o
 .debug_frame   0x0000000000001974       0x2c /opt/st/stm32cubeide_1.12.0/plugins/com.st.stm32cube.ide.mcu.externaltools.gnu-tools-for-stm32.10.3-2021.10.linux64_1.0.200.202301161003/tools/bin/../lib/gcc/arm-none-eabi/10.3.1/../../../../arm-none-eabi/lib/thumb/v7-m/nofp/libc_nano.a(lib_a-init.o)
 .debug_frame   0x00000000000019a0       0x20 /opt/st/stm32cubeide_1.12.0/plugins/com.st.stm32cube.ide.mcu.externaltools.gnu-tools-for-stm32.10.3-2021.10.linux64_1.0.200.202301161003/tools/bin/../lib/gcc/arm-none-eabi/10.3.1/../../../../arm-none-eabi/lib/thumb/v7-m/nofp/libc_nano.a(lib_a-memset.o)
